"","script","timestamp"
"1","C:/Users/fong22e/Source.R","2019-06-06T10.32.39EDT"
"2","source1.r","2019-06-05T10.28.27EDT"
"3","source2.r","2019-06-05T10.28.27EDT"
"4","source3.r","2019-06-05T10.28.27EDT"
"5","source4.r","2019-06-05T10.28.27EDT"